// Jest Snapshot v1, https://goo.gl/fbAQLP

exports[`Buttons should render the Button component 1`] = `
<button
  className="my-class"
  onClick={[Function]}
  type="button"
>
  1
</button>
`;
