// Jest Snapshot v1, https://goo.gl/fbAQLP

exports[`Calculator should render the component 1`] = `
<section
  className="main-cal"
>
  <div>
    <p
      className="title-cal"
    >
      Lets do some math!
    </p>
  </div>
  <div
    className="calculator"
  >
    <div
      className="screen"
    >
      <div
        className="previous-operate"
      />
      <div
        className="current-operate"
      >
        0
      </div>
    </div>
    <button
      className="undefined"
      onClick={[Function]}
      type="button"
    >
      AC
    </button>
    <button
      className="undefined"
      onClick={[Function]}
      type="button"
    >
      +/-
    </button>
    <button
      className="undefined"
      onClick={[Function]}
      type="button"
    >
      %
    </button>
    <button
      className="box-color box-color"
      onClick={[Function]}
      type="button"
    >
      รท
    </button>
    <button
      className="undefined"
      onClick={[Function]}
      type="button"
    >
      7
    </button>
    <button
      className="undefined"
      onClick={[Function]}
      type="button"
    >
      8
    </button>
    <button
      className="undefined"
      onClick={[Function]}
      type="button"
    >
      9
    </button>
    <button
      className="box-color box-color"
      onClick={[Function]}
      type="button"
    >
      x
    </button>
    <button
      className="undefined"
      onClick={[Function]}
      type="button"
    >
      4
    </button>
    <button
      className="undefined"
      onClick={[Function]}
      type="button"
    >
      5
    </button>
    <button
      className="undefined"
      onClick={[Function]}
      type="button"
    >
      6
    </button>
    <button
      className="box-color box-color"
      onClick={[Function]}
      type="button"
    >
      -
    </button>
    <button
      className="undefined"
      onClick={[Function]}
      type="button"
    >
      1
    </button>
    <button
      className="undefined"
      onClick={[Function]}
      type="button"
    >
      2
    </button>
    <button
      className="undefined"
      onClick={[Function]}
      type="button"
    >
      3
    </button>
    <button
      className="box-color box-color"
      onClick={[Function]}
      type="button"
    >
      +
    </button>
    <button
      className="span-box"
      onClick={[Function]}
      type="button"
    >
      0
    </button>
    <button
      className="undefined"
      onClick={[Function]}
      type="button"
    >
      .
    </button>
    <button
      className="box-color box-color"
      onClick={[Function]}
      type="button"
    >
      =
    </button>
  </div>
</section>
`;
